Microchip MPLAB XC8 Compiler V2.30

Linker command line:

-W-3 --edf=/Applications/microchip/xc8/v2.30/pic/dat/en_msgs.txt -cn \
  -h+dist/default/production/Ps2CONT.X.production.sym \
  --cmf=dist/default/production/Ps2CONT.X.production.cmf -z -Q18F25K42 \
  -o/tmp/xclHKgz5M --defsym=__MPLAB_BUILD=1 \
  -Mdist/default/production/Ps2CONT.X.production.map -E1 -ver=XC8 Compiler \
  --acfsm=1493 -ASTACK=060h-07FFh -pstack=STACK -ACODE=00h-07FFFh \
  -ACONST=00h-07FFFh -ASMALLCONST=0800h-08FFhx120 \
  -AMEDIUMCONST=0800h-07FFFh -ACOMRAM=01h-05Fh -AABS1=00h-07FFh \
  -ABIGRAM=01h-07FFh -ARAM=060h-0FFh,0100h-01FFhx7 -ABANK0=060h-0FFh \
  -ABANK1=0100h-01FFh -ABANK2=0200h-02FFh -ABANK3=0300h-03FFh \
  -ABANK4=0400h-04FFh -ABANK5=0500h-05FFh -ABANK6=0600h-06FFh \
  -ABANK7=0700h-07FFh -ASFR=03800h-038FFhx7,03F00h-03F5Fh,03F60h-03FFFh \
  -ACONFIG=0300000h-0300009h -AIDLOC=0200000h-020000Fh \
  -AEEDATA=0310000h-03100FFh -peeprom_data=EEDATA -preset_vec=00h \
  -ppowerup=CODE,init -pramtop=0800h -psmallconst=SMALLCONST \
  -pmediumconst=MEDIUMCONST -pconst=CONST -AFARRAM=00h-00h \
  -prdata=COMRAM,nvrram=COMRAM,nvbit=COMRAM,rbss=COMRAM,rbit=COMRAM \
  -pfarbss=FARRAM,fardata=FARRAM,nvFARRAM=FARRAM \
  -pintsave_regs=BIGRAM,bigbss=BIGRAM,bigdata=BIGRAM -pbss=RAM \
  -pidata=CODE,irdata=CODE,ibigdata=CODE,ifardata=CODE -prparam=COMRAM \
  /tmp/xcFwLiRHe.o dist/default/production/Ps2CONT.X.production.o 

Object code version is 3.11

Machine type is 18F25K42



                Name                               Link     Load   Length Selector   Space Scale
/tmp/xcFwLiRHe.o
                idloc                            200000   200000       10        0       5
                config                           300000   300000        A        0       4
                init                               7FFC     7FFC        4     3FFE       0
                reset_vec                             0        0        4        0       0
dist/default/production/Ps2CONT.X.production.o
                idloc                            200000   200000       10        0       5
                config                           300000   300000        A        0       4
                smallconst                          800      800        8      400       0
                text8                               808      808       C2      404       0
                text7                               AB4      AB4       18      404       0
                text6                               976      976       6E      404       0
                text5                               A76      A76       24      404       0
                text4                               A9A      A9A       1A      404       0
                text3                               ACC      ACC       12      404       0
                text2                               A52      A52       24      404       0
                text1                               9E4      9E4       38      404       0
                text0                               8CA      8CA       AC      404       0
                cstackCOMRAM                          1        1        A        1       1
                dataCOMRAM                           11       11        2        1       1
                bssCOMRAM                             B        B        6        1       1
                cinit                               A1C      A1C       36      404       0
                idataCOMRAM                         ADE      ADE        2      404       0

TOTAL           Name                               Link     Load   Length     Space
        CLASS   STACK          

        CLASS   CODE           
                init                               7FFC     7FFC        4         0
                reset_vec                             0        0        4         0
                text8                               808      808       C2         0
                text7                               AB4      AB4       18         0
                text6                               976      976       6E         0
                text5                               A76      A76       24         0
                text4                               A9A      A9A       1A         0
                text3                               ACC      ACC       12         0
                text2                               A52      A52       24         0
                text1                               9E4      9E4       38         0
                text0                               8CA      8CA       AC         0
                cinit                               A1C      A1C       36         0
                idataCOMRAM                         ADE      ADE        2         0

        CLASS   CONST          

        CLASS   SMALLCONST     
                smallconst                          800      800        8         0

        CLASS   MEDIUMCONST    

        CLASS   COMRAM         
                cstackCOMRAM                          1        1        A         1
                dataCOMRAM                           11       11        2         1
                bssCOMRAM                             B        B        6         1

        CLASS   ABS1           

        CLASS   BIGRAM         

        CLASS   RAM            

        CLASS   BANK0          

        CLASS   BANK1          

        CLASS   BANK2          

        CLASS   BANK3          

        CLASS   BANK4          

        CLASS   BANK5          

        CLASS   BANK6          

        CLASS   BANK7          

        CLASS   SFR            

        CLASS   CONFIG         
                config                           300000   300000        A         4

        CLASS   IDLOC          
                idloc                            200000   200000       10         5

        CLASS   EEDATA         

        CLASS   FARRAM         



SEGMENTS        Name                           Load    Length   Top    Selector   Space  Class

                reset_vec                      000000  000004  000004         0       0  CODE    
                text8                          000808  0002D8  000AE0       404       0  CODE    
                cstackCOMRAM                   000001  000012  000013         1       1  COMRAM  
                init                           007FFC  000004  008000      3FFE       0  CODE    
                smallconst                     000800  000008  000808       400       0  SMALLCON


UNUSED ADDRESS RANGES

        Name                Unused          Largest block    Delta
        BANK0            000060-0000FF               A0
        BANK1            000100-0001FF              100
        BANK2            000200-0002FF              100
        BANK3            000300-0003FF              100
        BANK4            000400-0004FF              100
        BANK5            000500-0005FF              100
        BANK6            000600-0006FF              100
        BANK7            000700-0007FF              100
        BIGRAM           000013-0007FF              7ED
        CODE             000004-0007FF              7FC
                         000AE0-007FFB             751C
        COMRAM           000013-00005F               4D
        CONST            000004-0007FF              7FC
                         000AE0-007FFB             751C
        EEDATA           310000-3100FF              100
        MEDIUMCONST      000AE0-007FFB             751C
        RAM              000060-0007FF              100
        SFR              003800-003FFF              100
        SMALLCONST       000AE0-007FFB              100
        STACK            000060-0007FF              7A0

                                  Symbol Table

SPI1_ExchangeByte@data            cstackCOMRAM 000001
SPI1_Open@spi1UniqueConfiguration cstackCOMRAM 000002
_ANSELA                           (abs)        003A40
_ANSELB                           (abs)        003A50
_ANSELC                           (abs)        003A60
_INLVLA                           (abs)        003A44
_INLVLB                           (abs)        003A54
_INLVLC                           (abs)        003A64
_INLVLE                           (abs)        003A84
_LATA                             (abs)        003FBA
_LATAbits                         (abs)        003FBA
_LATB                             (abs)        003FBB
_LATC                             (abs)        003FBC
_ODCONA                           (abs)        003A42
_ODCONB                           (abs)        003A52
_ODCONC                           (abs)        003A62
_OSCCON1                          (abs)        0039D9
_OSCCON3                          (abs)        0039DB
_OSCEN                            (abs)        0039DD
_OSCFRQ                           (abs)        0039DF
_OSCILLATOR_Initialize            text7        000AB4
_OSCTUNE                          (abs)        0039DE
_PIN_MANAGER_Initialize           text6        000976
_PIR2bits                         (abs)        0039A2
_PMD0                             (abs)        0039C0
_PMD1                             (abs)        0039C1
_PMD2                             (abs)        0039C2
_PMD3                             (abs)        0039C3
_PMD4                             (abs)        0039C4
_PMD5                             (abs)        0039C5
_PMD6                             (abs)        0039C6
_PMD7                             (abs)        0039C7
_PMD_Initialize                   text5        000A76
_PORTAbits                        (abs)        003FCA
_RB1I2C                           (abs)        003A5A
_RB2I2C                           (abs)        003A5B
_RC3I2C                           (abs)        003A6A
_RC4I2C                           (abs)        003A6B
_RC5PPS                           (abs)        003A15
_SLRCONA                          (abs)        003A43
_SLRCONB                          (abs)        003A53
_SLRCONC                          (abs)        003A63
_SPI1BAUD                         (abs)        003D19
_SPI1CLK                          (abs)        003D1C
_SPI1CON0                         (abs)        003D14
_SPI1CON0bits                     (abs)        003D14
_SPI1CON1                         (abs)        003D15
_SPI1CON2                         (abs)        003D16
_SPI1RXB                          (abs)        003D10
_SPI1SCKPPS                       (abs)        003ADE
_SPI1SDIPPS                       (abs)        003ADF
_SPI1STATUSbits                   (abs)        003D17
_SPI1TCNTL                        (abs)        003D12
_SPI1TXB                          (abs)        003D11
_SPI1_ExchangeByte                text2        000A52
_SPI1_Initialize                  text4        000A9A
_SPI1_Open                        text8        000808
_SYSTEM_Initialize                text3        000ACC
_TRISA                            (abs)        003FC2
_TRISB                            (abs)        003FC3
_TRISC                            (abs)        003FC4
_TRISCbits                        (abs)        003FC4
_WPUA                             (abs)        003A41
_WPUB                             (abs)        003A51
_WPUC                             (abs)        003A61
_WPUE                             (abs)        003A81
__HRAM                            (abs)        000000
__Habs1                           abs1         000000
__Hbank0                          bank0        000000
__Hbank1                          bank1        000000
__Hbank2                          bank2        000000
__Hbank3                          bank3        000000
__Hbank4                          bank4        000000
__Hbank5                          bank5        000000
__Hbank6                          bank6        000000
__Hbank7                          bank7        000000
__Hbigbss                         bigbss       000000
__Hbigdata                        bigdata      000000
__Hbigram                         bigram       000000
__Hbss                            bss          000000
__HbssCOMRAM                      bssCOMRAM    000000
__Hcinit                          cinit        000000
__Hclrtext                        clrtext      000000
__Hcomram                         comram       000000
__Hconfig                         config       30000A
__Hconst                          const        000000
__HcstackCOMRAM                   cstackCOMRAM 000000
__Hdata                           data         000000
__HdataCOMRAM                     dataCOMRAM   000000
__Heeprom_data                    eeprom_data  000000
__Hfarbss                         farbss       000000
__Hfardata                        fardata      000000
__Hibigdata                       ibigdata     000000
__Hidata                          idata        000000
__HidataCOMRAM                    idataCOMRAM  000000
__Hidloc                          idloc        200010
__Hifardata                       ifardata     000000
__Hinit                           init         008000
__Hintsave_regs                   intsave_regs 000000
__Hirdata                         irdata       000000
__Hmediumconst                    mediumconst  000000
__HnvFARRAM                       nvFARRAM     000000
__Hnvbit                          nvbit        000000
__Hnvrram                         nvrram       000000
__Hparam                          rparam       000000
__Hpowerup                        powerup      000000
__Hram                            ram          000000
__Hramtop                         ramtop       000800
__Hrbit                           rbit         000000
__Hrbss                           rbss         000000
__Hrdata                          rdata        000000
__Hreset_vec                      reset_vec    000004
__Hrparam                         rparam       000000
__Hsfr                            sfr          000000
__Hsmallconst                     smallconst   000808
__Hspace_0                        (abs)        008000
__Hspace_1                        (abs)        000013
__Hspace_2                        (abs)        000000
__Hspace_4                        (abs)        60000A
__Hstack                          stack        000000
__Hstruct                         struct       000000
__Htemp                           temp         000000
__Htext                           text         000000
__Htext0                          text0        000000
__Htext1                          text1        000000
__Htext2                          text2        000000
__Htext3                          text3        000000
__Htext4                          text4        000000
__Htext5                          text5        000000
__Htext6                          text6        000000
__Htext7                          text7        000000
__Htext8                          text8        000000
__LRAM                            (abs)        000001
__Labs1                           abs1         000000
__Lbank0                          bank0        000000
__Lbank1                          bank1        000000
__Lbank2                          bank2        000000
__Lbank3                          bank3        000000
__Lbank4                          bank4        000000
__Lbank5                          bank5        000000
__Lbank6                          bank6        000000
__Lbank7                          bank7        000000
__Lbigbss                         bigbss       000000
__Lbigdata                        bigdata      000000
__Lbigram                         bigram       000000
__Lbss                            bss          000000
__LbssCOMRAM                      bssCOMRAM    000000
__Lcinit                          cinit        000000
__Lclrtext                        clrtext      000000
__Lcomram                         comram       000000
__Lconfig                         config       000000
__Lconst                          const        000000
__LcstackCOMRAM                   cstackCOMRAM 000000
__Ldata                           data         000000
__LdataCOMRAM                     dataCOMRAM   000000
__Leeprom_data                    eeprom_data  000000
__Lfarbss                         farbss       000000
__Lfardata                        fardata      000000
__Libigdata                       ibigdata     000000
__Lidata                          idata        000000
__LidataCOMRAM                    idataCOMRAM  000000
__Lidloc                          idloc        000000
__Lifardata                       ifardata     000000
__Linit                           init         007FFC
__Lintsave_regs                   intsave_regs 000000
__Lirdata                         irdata       000000
__Lmediumconst                    mediumconst  000000
__LnvFARRAM                       nvFARRAM     000000
__Lnvbit                          nvbit        000000
__Lnvrram                         nvrram       000000
__Lparam                          rparam       000000
__Lpowerup                        powerup      000000
__Lram                            ram          000000
__Lramtop                         ramtop       000800
__Lrbit                           rbit         000000
__Lrbss                           rbss         000000
__Lrdata                          rdata        000000
__Lreset_vec                      reset_vec    000000
__Lrparam                         rparam       000000
__Lsfr                            sfr          000000
__Lsmallconst                     smallconst   000800
__Lspace_0                        (abs)        000000
__Lspace_1                        (abs)        000000
__Lspace_2                        (abs)        000000
__Lspace_4                        (abs)        000000
__Lstack                          stack        000000
__Lstruct                         struct       000000
__Ltemp                           temp         000000
__Ltext                           text         000000
__Ltext0                          text0        000000
__Ltext1                          text1        000000
__Ltext2                          text2        000000
__Ltext3                          text3        000000
__Ltext4                          text4        000000
__Ltext5                          text5        000000
__Ltext6                          text6        000000
__Ltext7                          text7        000000
__Ltext8                          text8        000000
__S0                              (abs)        008000
__S1                              (abs)        000013
__S2                              (abs)        000000
__S4                              (abs)        000000
__S5                              (abs)        000000
___inthi_sp                       stack        000000
___intlo_sp                       stack        000000
___param_bank                     (abs)        000000
___rparam_used                    (abs)        000001
___sp                             stack        000000
__accesstop                       (abs)        000060
__activetblptr                    (abs)        000001
__end_of_OSCILLATOR_Initialize    text7        000ACC
__end_of_PIN_MANAGER_Initialize   text6        0009E4
__end_of_PMD_Initialize           text5        000A9A
__end_of_SPI1_ExchangeByte        text2        000A76
__end_of_SPI1_Initialize          text4        000AB4
__end_of_SPI1_Open                text8        0008CA
__end_of_SYSTEM_Initialize        text3        000ADE
__end_of__initialization          cinit        000A44
__end_of_main                     text0        000976
__end_of_spi1_configuration       smallconst   000806
__end_of_spiexchange              text1        000A1C
__initialization                  cinit        000A1C
__mediumconst                     mediumconst  000000
__pbssCOMRAM                      bssCOMRAM    00000B
__pcinit                          cinit        000A1C
__pcstackCOMRAM                   cstackCOMRAM 000001
__pdataCOMRAM                     dataCOMRAM   000011
__pidataCOMRAM                    idataCOMRAM  000ADE
__psmallconst                     smallconst   000800
__ptext0                          text0        0008CA
__ptext1                          text1        0009E4
__ptext2                          text2        000A52
__ptext3                          text3        000ACC
__ptext4                          text4        000A9A
__ptext5                          text5        000A76
__ptext6                          text6        000976
__ptext7                          text7        000AB4
__ptext8                          text8        000808
__ramtop                          ramtop       000800
__size_of_OSCILLATOR_Initialize   (abs)        000000
__size_of_PIN_MANAGER_Initialize  (abs)        000000
__size_of_PMD_Initialize          (abs)        000000
__size_of_SPI1_ExchangeByte       (abs)        000000
__size_of_SPI1_Initialize         (abs)        000000
__size_of_SPI1_Open               (abs)        000000
__size_of_SYSTEM_Initialize       (abs)        000000
__size_of_main                    (abs)        000000
__size_of_spiexchange             (abs)        000000
__smallconst                      smallconst   000800
_buttons1                         dataCOMRAM   000012
_buttons2                         dataCOMRAM   000011
_counter                          bssCOMRAM    00000D
_main                             text0        0008CA
_parseIndex                       bssCOMRAM    000010
_recievedUpdate                   bssCOMRAM    00000F
_spi1_configuration               smallconst   000801
_spiexchange                      text1        0009E4
_timeoutCounter                   bssCOMRAM    00000B
end_of_initialization             cinit        000A44
intlevel0                         text         000000
intlevel1                         text         000000
intlevel2                         text         000000
intlevel3                         text         000000
main@cmd                          cstackCOMRAM 00000A
spiexchange@ACK                   cstackCOMRAM 000002
spiexchange@receive               cstackCOMRAM 000004
spiexchange@transfer              cstackCOMRAM 000003
stackhi                           (abs)        0007FF
stacklo                           (abs)        000060
start                             init         007FFC
start_initialization              cinit        000A1C


FUNCTION INFORMATION:

 *************** function _main *****************
 Defined at:
		line 76 in file "main.c"
 Parameters:    Size  Location     Type
		None
 Auto vars:     Size  Location     Type
  cmd             1    9[COMRAM] unsigned char 
  param3          1    0        unsigned char 
  param2          1    0        unsigned char 
  param1          1    0        unsigned char 
 Return value:  Size  Location     Type
                  1    wreg      void 
 Registers used:
		wreg, status,2, status,0, tblptrl, tblptrh, tblptru, prodl, prodh, cstack
 Tracked objects:
		On entry : 
		On exit  : 
		Unchanged: 
 Data sizes:     COMRAM   BANK0   BANK1   BANK2   BANK3   BANK4   BANK5   BANK6   BANK7
      Params:         0       0       0       0       0       0       0       0       0
      Locals:         4       0       0       0       0       0       0       0       0
      Temps:          2       0       0       0       0       0       0       0       0
      Totals:         6       0       0       0       0       0       0       0       0
Total ram usage:        6 bytes
 Hardware stack levels required when called:    2
 This function calls:
		_SPI1_Open
		_SYSTEM_Initialize
		_spiexchange
 This function is called by:
		Startup code after reset
 This function uses a non-reentrant model


 *************** function _spiexchange *****************
 Defined at:
		line 58 in file "main.c"
 Parameters:    Size  Location     Type
  transfer        1    wreg     unsigned char 
  ACK             1    1[COMRAM] _Bool 
 Auto vars:     Size  Location     Type
  transfer        1    2[COMRAM] unsigned char 
  receive         1    3[COMRAM] unsigned char 
 Return value:  Size  Location     Type
                  1    wreg      unsigned char 
 Registers used:
		wreg, status,2, cstack
 Tracked objects:
		On entry : 
		On exit  : 
		Unchanged: 
 Data sizes:     COMRAM   BANK0   BANK1   BANK2   BANK3   BANK4   BANK5   BANK6   BANK7
      Params:         1       0       0       0       0       0       0       0       0
      Locals:         2       0       0       0       0       0       0       0       0
      Temps:          0       0       0       0       0       0       0       0       0
      Totals:         3       0       0       0       0       0       0       0       0
Total ram usage:        3 bytes
 Hardware stack levels used:    1
 Hardware stack levels required when called:    1
 This function calls:
		_SPI1_ExchangeByte
 This function is called by:
		_main
 This function uses a non-reentrant model


 *************** function _SPI1_ExchangeByte *****************
 Defined at:
		line 100 in file "mcc_generated_files/spi1.c"
 Parameters:    Size  Location     Type
  data            1    wreg     unsigned char 
 Auto vars:     Size  Location     Type
  data            1    0[COMRAM] unsigned char 
 Return value:  Size  Location     Type
                  1    wreg      unsigned char 
 Registers used:
		wreg, status,2
 Tracked objects:
		On entry : 
		On exit  : 
		Unchanged: 
 Data sizes:     COMRAM   BANK0   BANK1   BANK2   BANK3   BANK4   BANK5   BANK6   BANK7
      Params:         0       0       0       0       0       0       0       0       0
      Locals:         1       0       0       0       0       0       0       0       0
      Temps:          0       0       0       0       0       0       0       0       0
      Totals:         1       0       0       0       0       0       0       0       0
Total ram usage:        1 bytes
 Hardware stack levels used:    1
 This function calls:
		Nothing
 This function is called by:
		_spiexchange
		_SPI1_WriteBlock
		_SPI1_ReadBlock
 This function uses a non-reentrant model


 *************** function _SYSTEM_Initialize *****************
 Defined at:
		line 50 in file "mcc_generated_files/mcc.c"
 Parameters:    Size  Location     Type
		None
 Auto vars:     Size  Location     Type
		None
 Return value:  Size  Location     Type
                  1    wreg      void 
 Registers used:
		wreg, status,2, cstack
 Tracked objects:
		On entry : 
		On exit  : 
		Unchanged: 
 Data sizes:     COMRAM   BANK0   BANK1   BANK2   BANK3   BANK4   BANK5   BANK6   BANK7
      Params:         0       0       0       0       0       0       0       0       0
      Locals:         0       0       0       0       0       0       0       0       0
      Temps:          0       0       0       0       0       0       0       0       0
      Totals:         0       0       0       0       0       0       0       0       0
Total ram usage:        0 bytes
 Hardware stack levels used:    1
 Hardware stack levels required when called:    1
 This function calls:
		_OSCILLATOR_Initialize
		_PIN_MANAGER_Initialize
		_PMD_Initialize
		_SPI1_Initialize
 This function is called by:
		_main
 This function uses a non-reentrant model


 *************** function _SPI1_Initialize *****************
 Defined at:
		line 64 in file "mcc_generated_files/spi1.c"
 Parameters:    Size  Location     Type
		None
 Auto vars:     Size  Location     Type
		None
 Return value:  Size  Location     Type
                  1    wreg      void 
 Registers used:
		wreg, status,2
 Tracked objects:
		On entry : 
		On exit  : 
		Unchanged: 
 Data sizes:     COMRAM   BANK0   BANK1   BANK2   BANK3   BANK4   BANK5   BANK6   BANK7
      Params:         0       0       0       0       0       0       0       0       0
      Locals:         0       0       0       0       0       0       0       0       0
      Temps:          0       0       0       0       0       0       0       0       0
      Totals:         0       0       0       0       0       0       0       0       0
Total ram usage:        0 bytes
 Hardware stack levels used:    1
 This function calls:
		Nothing
 This function is called by:
		_SYSTEM_Initialize
 This function uses a non-reentrant model


 *************** function _PMD_Initialize *****************
 Defined at:
		line 72 in file "mcc_generated_files/mcc.c"
 Parameters:    Size  Location     Type
		None
 Auto vars:     Size  Location     Type
		None
 Return value:  Size  Location     Type
                  1    wreg      void 
 Registers used:
		wreg, status,2
 Tracked objects:
		On entry : 
		On exit  : 
		Unchanged: 
 Data sizes:     COMRAM   BANK0   BANK1   BANK2   BANK3   BANK4   BANK5   BANK6   BANK7
      Params:         0       0       0       0       0       0       0       0       0
      Locals:         0       0       0       0       0       0       0       0       0
      Temps:          0       0       0       0       0       0       0       0       0
      Totals:         0       0       0       0       0       0       0       0       0
Total ram usage:        0 bytes
 Hardware stack levels used:    1
 This function calls:
		Nothing
 This function is called by:
		_SYSTEM_Initialize
 This function uses a non-reentrant model


 *************** function _PIN_MANAGER_Initialize *****************
 Defined at:
		line 55 in file "mcc_generated_files/pin_manager.c"
 Parameters:    Size  Location     Type
		None
 Auto vars:     Size  Location     Type
		None
 Return value:  Size  Location     Type
                  1    wreg      void 
 Registers used:
		wreg, status,2
 Tracked objects:
		On entry : 
		On exit  : 
		Unchanged: 
 Data sizes:     COMRAM   BANK0   BANK1   BANK2   BANK3   BANK4   BANK5   BANK6   BANK7
      Params:         0       0       0       0       0       0       0       0       0
      Locals:         0       0       0       0       0       0       0       0       0
      Temps:          0       0       0       0       0       0       0       0       0
      Totals:         0       0       0       0       0       0       0       0       0
Total ram usage:        0 bytes
 Hardware stack levels used:    1
 This function calls:
		Nothing
 This function is called by:
		_SYSTEM_Initialize
 This function uses a non-reentrant model


 *************** function _OSCILLATOR_Initialize *****************
 Defined at:
		line 58 in file "mcc_generated_files/mcc.c"
 Parameters:    Size  Location     Type
		None
 Auto vars:     Size  Location     Type
		None
 Return value:  Size  Location     Type
                  1    wreg      void 
 Registers used:
		wreg, status,2
 Tracked objects:
		On entry : 
		On exit  : 
		Unchanged: 
 Data sizes:     COMRAM   BANK0   BANK1   BANK2   BANK3   BANK4   BANK5   BANK6   BANK7
      Params:         0       0       0       0       0       0       0       0       0
      Locals:         0       0       0       0       0       0       0       0       0
      Temps:          0       0       0       0       0       0       0       0       0
      Totals:         0       0       0       0       0       0       0       0       0
Total ram usage:        0 bytes
 Hardware stack levels used:    1
 This function calls:
		Nothing
 This function is called by:
		_SYSTEM_Initialize
 This function uses a non-reentrant model


 *************** function _SPI1_Open *****************
 Defined at:
		line 79 in file "mcc_generated_files/spi1.c"
 Parameters:    Size  Location     Type
  spi1UniqueCo    1    wreg     enum E355
 Auto vars:     Size  Location     Type
  spi1UniqueCo    1    1[COMRAM] enum E355
 Return value:  Size  Location     Type
                  1    wreg      _Bool 
 Registers used:
		wreg, status,2, status,0, tblptrl, tblptrh, tblptru, prodl, prodh
 Tracked objects:
		On entry : 
		On exit  : 
		Unchanged: 
 Data sizes:     COMRAM   BANK0   BANK1   BANK2   BANK3   BANK4   BANK5   BANK6   BANK7
      Params:         0       0       0       0       0       0       0       0       0
      Locals:         1       0       0       0       0       0       0       0       0
      Temps:          1       0       0       0       0       0       0       0       0
      Totals:         2       0       0       0       0       0       0       0       0
Total ram usage:        2 bytes
 Hardware stack levels used:    1
 This function calls:
		Nothing
 This function is called by:
		_main
 This function uses a non-reentrant model



MODULE INFORMATION

Module		Function		Class		Link	Load	Size
mcc_generated_files/pin_manager.c
		_PIN_MANAGER_Initialize		CODE           	0976	0000	110

mcc_generated_files/pin_manager.c estimated size: 110

mcc_generated_files/spi1.c
		_SPI1_Open     		CODE           	0808	0000	194
		_SPI1_Initialize		CODE           	0A9A	0000	26
		_SPI1_ExchangeByte		CODE           	0A52	0000	36

mcc_generated_files/spi1.c estimated size: 256

shared
		__initialization		CODE           	0A1C	0000	40
		_spi1_configuration		SMALLCONST     	0801	0000	5

shared estimated size: 45

mcc_generated_files/mcc.c
		_PMD_Initialize		CODE           	0A76	0000	36
		_OSCILLATOR_Initialize		CODE           	0AB4	0000	24
		_SYSTEM_Initialize		CODE           	0ACC	0000	18

mcc_generated_files/mcc.c estimated size: 78

main.c
		_spiexchange   		CODE           	09E4	0000	56
		_main          		CODE           	08CA	0000	172

main.c estimated size: 228

