Microchip MPLAB XC8 Compiler V2.32

Linker command line:

-W-3 --edf=C:\Program Files\Microchip\xc8\v2.32\pic\dat\en_msgs.txt -cn \
  -h+dist/default/production\Ps2CONT.X.production.sym \
  --cmf=dist/default/production\Ps2CONT.X.production.cmf -z -Q18F25K42 \
  -oC:\Users\super\AppData\Local\Temp\xcAsaoo.4 --defsym=__MPLAB_BUILD=1 \
  -Mdist/default/production/Ps2CONT.X.production.map -E1 -ver=XC8 Compiler \
  --acfsm=1493 -ASTACK=060h-07FFh -pstack=STACK -ACODE=00h-07FFFh \
  -ACONST=00h-07FFFh -ASMALLCONST=0800h-08FFhx120 \
  -AMEDIUMCONST=0800h-07FFFh -ACOMRAM=01h-05Fh -AABS1=00h-07FFh \
  -ABIGRAM=01h-07FFh -ARAM=060h-0FFh,0100h-01FFhx7 -ABANK0=060h-0FFh \
  -ABANK1=0100h-01FFh -ABANK2=0200h-02FFh -ABANK3=0300h-03FFh \
  -ABANK4=0400h-04FFh -ABANK5=0500h-05FFh -ABANK6=0600h-06FFh \
  -ABANK7=0700h-07FFh -ASFR=03800h-038FFhx7,03F00h-03F5Fh,03F60h-03FFFh \
  -ACONFIG=0300000h-0300009h -AIDLOC=0200000h-020000Fh \
  -AEEDATA=0310000h-03100FFh -peeprom_data=EEDATA -preset_vec=00h \
  -ppowerup=CODE,init -pramtop=0800h -psmallconst=SMALLCONST \
  -pmediumconst=MEDIUMCONST -pconst=CONST -AFARRAM=00h-00h \
  -prdata=COMRAM,nvrram=COMRAM,nvbit=COMRAM,rbss=COMRAM,rbit=COMRAM \
  -pfarbss=FARRAM,fardata=FARRAM,nvFARRAM=FARRAM \
  -pintsave_regs=BIGRAM,bigbss=BIGRAM,bigdata=BIGRAM -pbss=RAM \
  -pidata=CODE,irdata=CODE,ibigdata=CODE,ifardata=CODE -prparam=COMRAM \
  C:\Users\super\AppData\Local\Temp\xcAsaoo.o \
  dist/default/production\Ps2CONT.X.production.o 

Object code version is 3.11

Machine type is 18F25K42



                Name                               Link     Load   Length Selector   Space Scale
C:\Users\super\AppData\Local\Temp\xcAsaoo.o
                idloc                            200000   200000       10        0       5
                config                           300000   300000        A        0       4
                init                               7FFC     7FFC        4     3FFE       0
                reset_vec                             0        0        4        0       0
dist/default/production\Ps2CONT.X.production.o
                idloc                            200000   200000       10        0       5
                config                           300000   300000        A        0       4
                smallconst                          800      800        8      400       0
                text10                              B26      B26       C2      404       0
                text9                               C58      C58       5C      404       0
                text8                               D68      D68       18      404       0
                text7                               BE8      BE8       70      404       0
                text6                               D10      D10       24      404       0
                text5                               D4E      D4E       1A      404       0
                text4                               D80      D80       16      404       0
                text3                               CEC      CEC       24      404       0
                text2                               CB4      CB4       38      404       0
                text1                               9F0      9F0      136      404       0
                text0                               808      808      1E8      404       0
                cstackCOMRAM                          1        1        D        1       1
                bssCOMRAM                             E        E        A        1       1
                cinit                               D34      D34       1A      404       0

TOTAL           Name                               Link     Load   Length     Space
        CLASS   STACK          

        CLASS   CODE           
                init                               7FFC     7FFC        4         0
                reset_vec                             0        0        4         0
                text10                              B26      B26       C2         0
                text9                               C58      C58       5C         0
                text8                               D68      D68       18         0
                text7                               BE8      BE8       70         0
                text6                               D10      D10       24         0
                text5                               D4E      D4E       1A         0
                text4                               D80      D80       16         0
                text3                               CEC      CEC       24         0
                text2                               CB4      CB4       38         0
                text1                               9F0      9F0      136         0
                text0                               808      808      1E8         0
                cinit                               D34      D34       1A         0

        CLASS   CONST          

        CLASS   SMALLCONST     
                smallconst                          800      800        8         0

        CLASS   MEDIUMCONST    

        CLASS   COMRAM         
                cstackCOMRAM                          1        1        D         1
                bssCOMRAM                             E        E        A         1

        CLASS   ABS1           

        CLASS   BIGRAM         

        CLASS   RAM            

        CLASS   BANK0          

        CLASS   BANK1          

        CLASS   BANK2          

        CLASS   BANK3          

        CLASS   BANK4          

        CLASS   BANK5          

        CLASS   BANK6          

        CLASS   BANK7          

        CLASS   SFR            

        CLASS   CONFIG         
                config                           300000   300000        A         4

        CLASS   IDLOC          
                idloc                            200000   200000       10         5

        CLASS   EEDATA         

        CLASS   FARRAM         



SEGMENTS        Name                           Load    Length   Top    Selector   Space  Class

                reset_vec                      000000  000004  000004         0       0  CODE    
                cstackCOMRAM                   000001  000017  000018         1       1  COMRAM  
                smallconst                     000800  000008  000808       400       0  SMALLCON
                text0                          000808  00058E  000D96       404       0  CODE    
                init                           007FFC  000004  008000      3FFE       0  CODE    


UNUSED ADDRESS RANGES

        Name                Unused          Largest block    Delta
        BANK0            000060-0000FF               A0
        BANK1            000100-0001FF              100
        BANK2            000200-0002FF              100
        BANK3            000300-0003FF              100
        BANK4            000400-0004FF              100
        BANK5            000500-0005FF              100
        BANK6            000600-0006FF              100
        BANK7            000700-0007FF              100
        BIGRAM           000018-0007FF              7E8
        CODE             000004-0007FF              7FC
                         000D96-007FFB             7266
        COMRAM           000018-00005F               48
        CONST            000004-0007FF              7FC
                         000D96-007FFB             7266
        EEDATA           310000-3100FF              100
        MEDIUMCONST      000D96-007FFB             7266
        RAM              000060-0007FF              100
        SFR              003800-003FFF              100
        SMALLCONST       000D96-007FFB              100
        STACK            000060-0007FF              7A0

                                  Symbol Table

SPI1_ExchangeByte@data            cstackCOMRAM 000001
SPI1_Open@spi1UniqueConfiguration cstackCOMRAM 000002
_ADACCH                           (abs)        003EE9
_ADACCL                           (abs)        003EE8
_ADACCU                           (abs)        003EEA
_ADACQH                           (abs)        003EF4
_ADACQL                           (abs)        003EF3
_ADACT                            (abs)        003EFE
_ADCAP                            (abs)        003EF5
_ADCC_Initialize                  text9        000C58
_ADCLK                            (abs)        003EFF
_ADCNT                            (abs)        003EEB
_ADCON0                           (abs)        003EF8
_ADCON0bits                       (abs)        003EF8
_ADCON1                           (abs)        003EF9
_ADCON1bits                       (abs)        003EF9
_ADCON2                           (abs)        003EFA
_ADCON2bits                       (abs)        003EFA
_ADCON3                           (abs)        003EFB
_ADCON3bits                       (abs)        003EFB
_ADERRH                           (abs)        003EE3
_ADERRL                           (abs)        003EE2
_ADFLTRH                          (abs)        003EE7
_ADFLTRL                          (abs)        003EE6
_ADLTHH                           (abs)        003EDF
_ADLTHL                           (abs)        003EDE
_ADPCH                            (abs)        003EF1
_ADPREH                           (abs)        003EF7
_ADPREL                           (abs)        003EF6
_ADPREVH                          (abs)        003EEE
_ADPREVL                          (abs)        003EED
_ADREF                            (abs)        003EFD
_ADRESH                           (abs)        003EF0
_ADRESL                           (abs)        003EEF
_ADRPT                            (abs)        003EEC
_ADSTAT                           (abs)        003EFC
_ADSTATbits                       (abs)        003EFC
_ADSTPTH                          (abs)        003EE5
_ADSTPTL                          (abs)        003EE4
_ADUTHH                           (abs)        003EE1
_ADUTHL                           (abs)        003EE0
_ANSELA                           (abs)        003A40
_ANSELB                           (abs)        003A50
_ANSELC                           (abs)        003A60
_INLVLA                           (abs)        003A44
_INLVLB                           (abs)        003A54
_INLVLC                           (abs)        003A64
_INLVLE                           (abs)        003A84
_LATA                             (abs)        003FBA
_LATAbits                         (abs)        003FBA
_LATB                             (abs)        003FBB
_LATC                             (abs)        003FBC
_ODCONA                           (abs)        003A42
_ODCONB                           (abs)        003A52
_ODCONC                           (abs)        003A62
_OSCCON1                          (abs)        0039D9
_OSCCON3                          (abs)        0039DB
_OSCEN                            (abs)        0039DD
_OSCFRQ                           (abs)        0039DF
_OSCILLATOR_Initialize            text8        000D68
_OSCTUNE                          (abs)        0039DE
_PIN_MANAGER_Initialize           text7        000BE8
_PIR2bits                         (abs)        0039A2
_PMD0                             (abs)        0039C0
_PMD1                             (abs)        0039C1
_PMD2                             (abs)        0039C2
_PMD3                             (abs)        0039C3
_PMD4                             (abs)        0039C4
_PMD5                             (abs)        0039C5
_PMD6                             (abs)        0039C6
_PMD7                             (abs)        0039C7
_PMD_Initialize                   text6        000D10
_PORTAbits                        (abs)        003FCA
_PORTBbits                        (abs)        003FCB
_PORTCbits                        (abs)        003FCC
_RB1I2C                           (abs)        003A5A
_RB2I2C                           (abs)        003A5B
_RC3I2C                           (abs)        003A6A
_RC4I2C                           (abs)        003A6B
_RC5PPS                           (abs)        003A15
_SLRCONA                          (abs)        003A43
_SLRCONB                          (abs)        003A53
_SLRCONC                          (abs)        003A63
_SPI1BAUD                         (abs)        003D19
_SPI1CLK                          (abs)        003D1C
_SPI1CON0                         (abs)        003D14
_SPI1CON0bits                     (abs)        003D14
_SPI1CON1                         (abs)        003D15
_SPI1CON2                         (abs)        003D16
_SPI1RXB                          (abs)        003D10
_SPI1SCKPPS                       (abs)        003ADE
_SPI1SDIPPS                       (abs)        003ADF
_SPI1SSPPS                        (abs)        003AE0
_SPI1STATUSbits                   (abs)        003D17
_SPI1TCNTL                        (abs)        003D12
_SPI1TXB                          (abs)        003D11
_SPI1_ExchangeByte                text3        000CEC
_SPI1_Initialize                  text5        000D4E
_SPI1_Open                        text10       000B26
_SYSTEM_Initialize                text4        000D80
_TRISA                            (abs)        003FC2
_TRISB                            (abs)        003FC3
_TRISC                            (abs)        003FC4
_TRISCbits                        (abs)        003FC4
_WPUA                             (abs)        003A41
_WPUB                             (abs)        003A51
_WPUC                             (abs)        003A61
_WPUE                             (abs)        003A81
__HRAM                            (abs)        000000
__Habs1                           abs1         000000
__Hbank0                          bank0        000000
__Hbank1                          bank1        000000
__Hbank2                          bank2        000000
__Hbank3                          bank3        000000
__Hbank4                          bank4        000000
__Hbank5                          bank5        000000
__Hbank6                          bank6        000000
__Hbank7                          bank7        000000
__Hbigbss                         bigbss       000000
__Hbigdata                        bigdata      000000
__Hbigram                         bigram       000000
__Hbss                            bss          000000
__HbssCOMRAM                      bssCOMRAM    000000
__Hcinit                          cinit        000000
__Hclrtext                        clrtext      000000
__Hcomram                         comram       000000
__Hconfig                         config       30000A
__Hconst                          const        000000
__HcstackCOMRAM                   cstackCOMRAM 000000
__Hdata                           data         000000
__Heeprom_data                    eeprom_data  000000
__Hfarbss                         farbss       000000
__Hfardata                        fardata      000000
__Hibigdata                       ibigdata     000000
__Hidata                          idata        000000
__Hidloc                          idloc        200010
__Hifardata                       ifardata     000000
__Hinit                           init         008000
__Hintsave_regs                   intsave_regs 000000
__Hirdata                         irdata       000000
__Hmediumconst                    mediumconst  000000
__HnvFARRAM                       nvFARRAM     000000
__Hnvbit                          nvbit        000000
__Hnvrram                         nvrram       000000
__Hparam                          rparam       000000
__Hpowerup                        powerup      000000
__Hram                            ram          000000
__Hramtop                         ramtop       000800
__Hrbit                           rbit         000000
__Hrbss                           rbss         000000
__Hrdata                          rdata        000000
__Hreset_vec                      reset_vec    000004
__Hrparam                         rparam       000000
__Hsfr                            sfr          000000
__Hsmallconst                     smallconst   000808
__Hspace_0                        (abs)        008000
__Hspace_1                        (abs)        000018
__Hspace_2                        (abs)        000000
__Hspace_4                        (abs)        60000A
__Hstack                          stack        000000
__Hstruct                         struct       000000
__Htemp                           temp         000000
__Htext                           text         000000
__Htext0                          text0        000000
__Htext1                          text1        000000
__Htext10                         text10       000000
__Htext2                          text2        000000
__Htext3                          text3        000000
__Htext4                          text4        000000
__Htext5                          text5        000000
__Htext6                          text6        000000
__Htext7                          text7        000000
__Htext8                          text8        000000
__Htext9                          text9        000000
__LRAM                            (abs)        000001
__Labs1                           abs1         000000
__Lbank0                          bank0        000000
__Lbank1                          bank1        000000
__Lbank2                          bank2        000000
__Lbank3                          bank3        000000
__Lbank4                          bank4        000000
__Lbank5                          bank5        000000
__Lbank6                          bank6        000000
__Lbank7                          bank7        000000
__Lbigbss                         bigbss       000000
__Lbigdata                        bigdata      000000
__Lbigram                         bigram       000000
__Lbss                            bss          000000
__LbssCOMRAM                      bssCOMRAM    000000
__Lcinit                          cinit        000000
__Lclrtext                        clrtext      000000
__Lcomram                         comram       000000
__Lconfig                         config       000000
__Lconst                          const        000000
__LcstackCOMRAM                   cstackCOMRAM 000000
__Ldata                           data         000000
__Leeprom_data                    eeprom_data  000000
__Lfarbss                         farbss       000000
__Lfardata                        fardata      000000
__Libigdata                       ibigdata     000000
__Lidata                          idata        000000
__Lidloc                          idloc        000000
__Lifardata                       ifardata     000000
__Linit                           init         007FFC
__Lintsave_regs                   intsave_regs 000000
__Lirdata                         irdata       000000
__Lmediumconst                    mediumconst  000000
__LnvFARRAM                       nvFARRAM     000000
__Lnvbit                          nvbit        000000
__Lnvrram                         nvrram       000000
__Lparam                          rparam       000000
__Lpowerup                        powerup      000000
__Lram                            ram          000000
__Lramtop                         ramtop       000800
__Lrbit                           rbit         000000
__Lrbss                           rbss         000000
__Lrdata                          rdata        000000
__Lreset_vec                      reset_vec    000000
__Lrparam                         rparam       000000
__Lsfr                            sfr          000000
__Lsmallconst                     smallconst   000800
__Lspace_0                        (abs)        000000
__Lspace_1                        (abs)        000000
__Lspace_2                        (abs)        000000
__Lspace_4                        (abs)        000000
__Lstack                          stack        000000
__Lstruct                         struct       000000
__Ltemp                           temp         000000
__Ltext                           text         000000
__Ltext0                          text0        000000
__Ltext1                          text1        000000
__Ltext10                         text10       000000
__Ltext2                          text2        000000
__Ltext3                          text3        000000
__Ltext4                          text4        000000
__Ltext5                          text5        000000
__Ltext6                          text6        000000
__Ltext7                          text7        000000
__Ltext8                          text8        000000
__Ltext9                          text9        000000
__S0                              (abs)        008000
__S1                              (abs)        000018
__S2                              (abs)        000000
__S4                              (abs)        000000
__S5                              (abs)        000000
___inthi_sp                       stack        000000
___intlo_sp                       stack        000000
___param_bank                     (abs)        000000
___rparam_used                    (abs)        000001
___sp                             stack        000000
__accesstop                       (abs)        000060
__activetblptr                    (abs)        000001
__end_of_ADCC_Initialize          text9        000CB4
__end_of_OSCILLATOR_Initialize    text8        000D80
__end_of_PIN_MANAGER_Initialize   text7        000C58
__end_of_PMD_Initialize           text6        000D34
__end_of_SPI1_ExchangeByte        text3        000D10
__end_of_SPI1_Initialize          text5        000D68
__end_of_SPI1_Open                text10       000BE8
__end_of_SYSTEM_Initialize        text4        000D96
__end_of__initialization          cinit        000D40
__end_of_main                     text0        0009F0
__end_of_spi1_configuration       smallconst   000806
__end_of_spiexchange              text2        000CEC
__end_of_updateButtons            text1        000B26
__initialization                  cinit        000D34
__mediumconst                     mediumconst  000000
__pbssCOMRAM                      bssCOMRAM    00000E
__pcinit                          cinit        000D34
__pcstackCOMRAM                   cstackCOMRAM 000001
__psmallconst                     smallconst   000800
__ptext0                          text0        000808
__ptext1                          text1        0009F0
__ptext10                         text10       000B26
__ptext2                          text2        000CB4
__ptext3                          text3        000CEC
__ptext4                          text4        000D80
__ptext5                          text5        000D4E
__ptext6                          text6        000D10
__ptext7                          text7        000BE8
__ptext8                          text8        000D68
__ptext9                          text9        000C58
__ramtop                          ramtop       000800
__size_of_ADCC_Initialize         (abs)        000000
__size_of_OSCILLATOR_Initialize   (abs)        000000
__size_of_PIN_MANAGER_Initialize  (abs)        000000
__size_of_PMD_Initialize          (abs)        000000
__size_of_SPI1_ExchangeByte       (abs)        000000
__size_of_SPI1_Initialize         (abs)        000000
__size_of_SPI1_Open               (abs)        000000
__size_of_SYSTEM_Initialize       (abs)        000000
__size_of_main                    (abs)        000000
__size_of_spiexchange             (abs)        000000
__size_of_updateButtons           (abs)        000000
__smallconst                      smallconst   000800
_buttons1                         bssCOMRAM    000017
_buttons2                         bssCOMRAM    000016
_counter                          bssCOMRAM    000010
_main                             text0        000808
_param1                           bssCOMRAM    000013
_param2                           bssCOMRAM    000012
_parseIndex                       bssCOMRAM    000015
_recievedUpdate                   bssCOMRAM    000014
_spi1_configuration               smallconst   000801
_spiexchange                      text2        000CB4
_timeoutCounter                   bssCOMRAM    00000E
_updateButtons                    text1        0009F0
end_of_initialization             cinit        000D40
intlevel0                         text         000000
intlevel1                         text         000000
intlevel2                         text         000000
intlevel3                         text         000000
isa$std                           (abs)        000001
isa$xinst                         (abs)        000000
main@cmd                          cstackCOMRAM 00000D
spiexchange@ACK                   cstackCOMRAM 000002
spiexchange@receive               cstackCOMRAM 000004
spiexchange@transfer              cstackCOMRAM 000003
stackhi                           (abs)        0007FF
stacklo                           (abs)        000060
start                             init         007FFC
start_initialization              cinit        000D34


MODULE INFORMATION

Module		Function		Class		Link	Load	Size
mcc_generated_files/pin_manager.c
		_PIN_MANAGER_Initialize		CODE           	0BE8	0000	112

mcc_generated_files/pin_manager.c estimated size: 112

mcc_generated_files/spi1.c
		_SPI1_Open     		CODE           	0B26	0000	194
		_SPI1_Initialize		CODE           	0D4E	0000	26
		_SPI1_ExchangeByte		CODE           	0CEC	0000	36

mcc_generated_files/spi1.c estimated size: 256

shared
		__initialization		CODE           	0D34	0000	12
		_spi1_configuration		SMALLCONST     	0801	0000	5

shared estimated size: 17

mcc_generated_files/mcc.c
		_PMD_Initialize		CODE           	0D10	0000	36
		_OSCILLATOR_Initialize		CODE           	0D68	0000	24
		_SYSTEM_Initialize		CODE           	0D80	0000	22

mcc_generated_files/mcc.c estimated size: 82

mcc_generated_files/adcc.c
		_ADCC_Initialize		CODE           	0C58	0000	92

mcc_generated_files/adcc.c estimated size: 92

main.c
		_spiexchange   		CODE           	0CB4	0000	56
		_main          		CODE           	0808	0000	488
		_updateButtons 		CODE           	09F0	0000	310

main.c estimated size: 854

